../Core/Src/main.c:116:5:main	8	static
../Core/Src/main.c:210:6:SystemClock_Config	72	static
../Core/Src/main.c:247:13:MX_TIM2_Init	32	static
../Core/Src/main.c:292:13:MX_GPIO_Init	32	static
../Core/Src/main.c:349:6:HAL_TIM_PeriodElapsedCallback	16	static
../Core/Src/main.c:355:6:led_PA5_Toggle	8	static
../Core/Src/main.c:360:6:display7SEG	24	static
../Core/Src/main.c:377:6:blinkDoubleDot	8	static
../Core/Src/main.c:382:6:update7SEG	16	static
../Core/Src/main.c:408:6:updateClockBuffer	4	static
../Core/Src/main.c:416:6:updateLEDMatrix	24	static
../Core/Src/main.c:468:6:Error_Handler	4	static,ignoring_inline_asm
