../Core/Src/main.c:110:5:main	11
../Core/Src/main.c:211:6:SystemClock_Config	3
../Core/Src/main.c:248:13:MX_TIM2_Init	4
../Core/Src/main.c:293:13:MX_GPIO_Init	1
../Core/Src/main.c:350:6:HAL_TIM_PeriodElapsedCallback	2
../Core/Src/main.c:356:6:led_PA5_Toggle	1
../Core/Src/main.c:361:6:display7SEG	3
../Core/Src/main.c:378:6:blinkDoubleDot	1
../Core/Src/main.c:383:6:update7SEG	5
../Core/Src/main.c:409:6:updateClockBuffer	1
../Core/Src/main.c:417:6:updateLEDMatrix	9
../Core/Src/main.c:464:6:scrollCharStep	5
../Core/Src/main.c:484:6:Error_Handler	1
