../Core/Src/main.c:84:5:main	8	static
../Core/Src/main.c:143:6:SystemClock_Config	72	static
../Core/Src/main.c:180:13:MX_TIM2_Init	32	static
../Core/Src/main.c:225:13:MX_GPIO_Init	32	static
../Core/Src/main.c:268:6:HAL_TIM_PeriodElapsedCallback	16	static
../Core/Src/main.c:274:6:led_PA5_Toggle	8	static
../Core/Src/main.c:279:6:display7SEG	24	static
../Core/Src/main.c:296:6:write7SegPin	8	static
../Core/Src/main.c:334:6:blinkDoubleDot	8	static
../Core/Src/main.c:344:6:Error_Handler	4	static,ignoring_inline_asm
