../Core/Src/main.c:109:5:main	8
../Core/Src/main.c:204:6:SystemClock_Config	3
../Core/Src/main.c:241:13:MX_TIM2_Init	4
../Core/Src/main.c:286:13:MX_GPIO_Init	1
../Core/Src/main.c:345:6:HAL_TIM_PeriodElapsedCallback	2
../Core/Src/main.c:351:6:led_PA5_Toggle	1
../Core/Src/main.c:356:6:display7SEG	3
../Core/Src/main.c:373:6:blinkDoubleDot	1
../Core/Src/main.c:378:6:update7SEG	5
../Core/Src/main.c:404:6:updateClockBuffer	1
../Core/Src/main.c:412:6:updateLEDMatrix	9
../Core/Src/main.c:460:6:Error_Handler	1
